// Jest Snapshot v1, https://goo.gl/fbAQLP

exports[`Test Category options form renders properly 1`] = `
Array [
  <option
    key="1"
    value={1}
/>,
  <option
    key="2"
    value={2}
/>,
  <option
    key="3"
    value={3}
/>,
]
`;

exports[`Test EditRecipeForm component renders properly 1`] = `
<PreLoader
  message="Please wait....."
/>
`;
