// Jest Snapshot v1, https://goo.gl/fbAQLP

exports[`Test CreateCategory component renders properly 1`] = `
<div
  className="row"
>
  <div
    className="col m4"
  >
    <SideBar />
  </div>
  <div
    className="col m8"
  >
    <FormCard
      form={
        <AddCategoryForm
          categoryId={1}
          match={
            Object {
              "params": Object {
                "categoryId": 1,
              },
            }
          }
          role="edit"
        />
      }
      iconClass={null}
      title="Edit Category"
    />
  </div>
</div>
`;
