// Jest Snapshot v1, https://goo.gl/fbAQLP

exports[`Test LoginForm renders properly 1`] = `
<form
  onSubmit={[Function]}
>
  <div
    className="input-field"
  >
    <label
      htmlFor="email"
    >
      Email
    </label>
    <input
      id="email"
      name="email"
      onChange={[Function]}
      required={true}
      type="email"
      value=""
    />
  </div>
  <div
    className="input-field"
  >
    <label
      htmlFor="password"
    >
      Password
    </label>
    <input
      id="password"
      name="password"
      onChange={[Function]}
      required={true}
      type="password"
      value=""
    />
  </div>
  <div
    className="center-align"
  >
    <input
      className="btn btn-small orange"
      id="login"
      name="login"
      type="submit"
      value="Login"
    />
  </div>
</form>
`;
